planned: 24 value sets x 10 variants = 3310 prompts
resolving revision + loading model once...
Loading weights:   0%|          | 0/288 [00:00<?, ?it/s]Loading weights: 100%|██████████| 288/288 [00:00<00:00, 5626.95it/s]
  year_v1                      (11, 2304)   14.4s  [11/3310] eta 72m
  year_v2                      (11, 2304)   14.9s  [22/3310] eta 73m
  year_v3                      (11, 2304)   15.4s  [33/3310] eta 74m
  year_v4                      (11, 2304)   15.9s  [44/3310] eta 75m
  year_v5                      (11, 2304)   15.9s  [55/3310] eta 75m
  year_v6                      (11, 2304)   15.6s  [66/3310] eta 75m
  year_v7                      (11, 2304)   14.7s  [77/3310] eta 75m
  year_v8                      (11, 2304)   14.7s  [88/3310] eta 74m
  year_v9                      (11, 2304)   16.4s  [99/3310] eta 74m
  year_v10                     (11, 2304)   16.6s  [110/3310] eta 75m
  quantity_v1                  (7, 2304)    16.3s  [117/3310] eta 78m
  quantity_v2                  (7, 2304)    15.4s  [124/3310] eta 80m
  quantity_v3                  (7, 2304)    15.6s  [131/3310] eta 82m
  quantity_v4                  (7, 2304)    16.4s  [138/3310] eta 83m
  quantity_v5                  (7, 2304)    16.1s  [145/3310] eta 85m
  quantity_v6                  (7, 2304)    16.5s  [152/3310] eta 87m
  quantity_v7                  (7, 2304)    15.1s  [159/3310] eta 88m
  quantity_v8                  (7, 2304)    14.9s  [166/3310] eta 89m
  quantity_v9                  (7, 2304)    15.4s  [173/3310] eta 89m
  quantity_v10                 (7, 2304)    16.9s  [180/3310] eta 91m
  color_v1                     (12, 2304)   14.4s  [192/3310] eta 89m
  color_v2                     (12, 2304)   14.5s  [204/3310] eta 87m
  color_v3                     (12, 2304)   15.0s  [216/3310] eta 85m
  color_v4                     (12, 2304)   15.9s  [228/3310] eta 84m
  color_v5                     (12, 2304)   17.3s  [240/3310] eta 83m
  color_v6                     (12, 2304)   15.9s  [252/3310] eta 82m
  color_v7                     (12, 2304)   17.3s  [264/3310] eta 81m
  color_v8                     (12, 2304)   16.3s  [276/3310] eta 81m
  color_v9                     (12, 2304)   15.3s  [288/3310] eta 80m
  color_v10                    (12, 2304)   15.5s  [300/3310] eta 79m
  emotion_v1                   (12, 2304)   20.3s  [312/3310] eta 79m
  emotion_v2                   (12, 2304)   14.8s  [324/3310] eta 78m
  emotion_v3                   (12, 2304)   13.9s  [336/3310] eta 77m
  emotion_v4                   (12, 2304)   17.9s  [348/3310] eta 76m
  emotion_v5                   (12, 2304)   18.1s  [360/3310] eta 76m
  emotion_v6                   (12, 2304)   15.5s  [372/3310] eta 75m
  emotion_v7                   (12, 2304)   14.2s  [384/3310] eta 74m
  emotion_v8                   (12, 2304)   16.0s  [396/3310] eta 74m
  emotion_v9                   (12, 2304)   14.6s  [408/3310] eta 73m
  emotion_v10                  (12, 2304)   15.8s  [420/3310] eta 72m
  musical_note_v1              (12, 2304)   14.6s  [432/3310] eta 72m
  musical_note_v2              (12, 2304)   15.4s  [444/3310] eta 71m
  musical_note_v3              (12, 2304)   14.7s  [456/3310] eta 71m
  musical_note_v4              (12, 2304)   15.0s  [468/3310] eta 70m
  musical_note_v5              (12, 2304)   15.2s  [480/3310] eta 69m
  musical_note_v6              (12, 2304)   15.9s  [492/3310] eta 69m
  musical_note_v7              (12, 2304)   17.0s  [504/3310] eta 69m
  musical_note_v8              (12, 2304)   15.1s  [516/3310] eta 68m
  musical_note_v9              (12, 2304)   14.6s  [528/3310] eta 68m
  musical_note_v10             (12, 2304)   15.8s  [540/3310] eta 67m
  musical_key_v1               (12, 2304)   15.8s  [552/3310] eta 67m
  musical_key_v2               (12, 2304)   14.3s  [564/3310] eta 66m
  musical_key_v3               (12, 2304)   14.5s  [576/3310] eta 66m
  musical_key_v4               (12, 2304)   14.7s  [588/3310] eta 65m
  musical_key_v5               (12, 2304)   15.6s  [600/3310] eta 65m
  musical_key_v6               (12, 2304)   14.4s  [612/3310] eta 64m
  musical_key_v7               (12, 2304)   14.8s  [624/3310] eta 64m
  musical_key_v8               (12, 2304)   14.8s  [636/3310] eta 63m
  musical_key_v9               (12, 2304)   15.1s  [648/3310] eta 63m
  musical_key_v10              (12, 2304)   15.1s  [660/3310] eta 63m
  hour_v1                      (12, 2304)   14.8s  [672/3310] eta 62m
  hour_v2                      (12, 2304)   16.8s  [684/3310] eta 62m
  hour_v3                      (12, 2304)   17.2s  [696/3310] eta 62m
  hour_v4                      (12, 2304)   14.6s  [708/3310] eta 61m
  hour_v5                      (12, 2304)   14.7s  [720/3310] eta 61m
  hour_v6                      (12, 2304)   16.0s  [732/3310] eta 60m
  hour_v7                      (12, 2304)   14.8s  [744/3310] eta 60m
  hour_v8                      (12, 2304)   14.6s  [756/3310] eta 60m
  hour_v9                      (12, 2304)   16.1s  [768/3310] eta 59m
  hour_v10                     (12, 2304)   15.8s  [780/3310] eta 59m
  compass_direction_v1         (8, 2304)    15.4s  [788/3310] eta 59m
  compass_direction_v2         (8, 2304)    15.7s  [796/3310] eta 59m
  compass_direction_v3         (8, 2304)    14.0s  [804/3310] eta 59m
  compass_direction_v4         (8, 2304)    14.4s  [812/3310] eta 59m
  compass_direction_v5         (8, 2304)    16.3s  [820/3310] eta 59m
  compass_direction_v6         (8, 2304)    16.2s  [828/3310] eta 59m
  compass_direction_v7         (8, 2304)    17.1s  [836/3310] eta 59m
  compass_direction_v8         (8, 2304)    14.5s  [844/3310] eta 59m
  compass_direction_v9         (8, 2304)    15.0s  [852/3310] eta 59m
  compass_direction_v10        (8, 2304)    14.5s  [860/3310] eta 59m
  season_v1                    (4, 2304)    17.5s  [864/3310] eta 59m
  season_v2                    (4, 2304)    15.5s  [868/3310] eta 60m
  season_v3                    (4, 2304)    16.2s  [872/3310] eta 60m
  season_v4                    (4, 2304)    15.5s  [876/3310] eta 61m
  season_v5                    (4, 2304)    16.2s  [880/3310] eta 61m
  season_v6                    (4, 2304)    15.0s  [884/3310] eta 61m
  season_v7                    (4, 2304)    14.2s  [888/3310] eta 61m
  season_v8                    (4, 2304)    15.6s  [892/3310] eta 62m
  season_v9                    (4, 2304)    17.2s  [896/3310] eta 62m
  season_v10                   (4, 2304)    14.8s  [900/3310] eta 62m
  planet_v1                    (8, 2304)    14.8s  [908/3310] eta 62m
  planet_v2                    (8, 2304)    14.9s  [916/3310] eta 62m
  planet_v3                    (8, 2304)    16.6s  [924/3310] eta 62m
  planet_v4                    (8, 2304)    14.6s  [932/3310] eta 62m
  planet_v5                    (8, 2304)    15.4s  [940/3310] eta 62m
  planet_v6                    (8, 2304)    14.7s  [948/3310] eta 62m
  planet_v7                    (8, 2304)    15.8s  [956/3310] eta 62m
  planet_v8                    (8, 2304)    16.0s  [964/3310] eta 62m
  planet_v9                    (8, 2304)    15.9s  [972/3310] eta 62m
  planet_v10                   (8, 2304)    15.1s  [980/3310] eta 62m
  chemical_element_v1          (20, 2304)   29.5s  [1000/3310] eta 61m
  chemical_element_v2          (20, 2304)   31.3s  [1020/3310] eta 60m
  chemical_element_v3          (20, 2304)   29.2s  [1040/3310] eta 60m
  chemical_element_v4          (20, 2304)   28.9s  [1060/3310] eta 59m
  chemical_element_v5          (20, 2304)   30.2s  [1080/3310] eta 59m
  chemical_element_v6          (20, 2304)   30.7s  [1100/3310] eta 58m
  chemical_element_v7          (20, 2304)   29.9s  [1120/3310] eta 57m
  chemical_element_v8          (20, 2304)   30.2s  [1140/3310] eta 57m
  chemical_element_v9          (20, 2304)   30.1s  [1160/3310] eta 56m
  chemical_element_v10         (20, 2304)   30.1s  [1180/3310] eta 56m
  amino_acid_v1                (20, 2304)   29.7s  [1200/3310] eta 55m
  amino_acid_v2                (20, 2304)   28.8s  [1220/3310] eta 55m
  amino_acid_v3                (20, 2304)   31.2s  [1240/3310] eta 54m
  amino_acid_v4                (20, 2304)   30.2s  [1260/3310] eta 54m
  amino_acid_v5                (20, 2304)   30.4s  [1280/3310] eta 53m
  amino_acid_v6                (20, 2304)   30.7s  [1300/3310] eta 52m
  amino_acid_v7                (20, 2304)   31.0s  [1320/3310] eta 52m
  amino_acid_v8                (20, 2304)   29.0s  [1340/3310] eta 51m
  amino_acid_v9                (20, 2304)   33.0s  [1360/3310] eta 51m
  amino_acid_v10               (20, 2304)   32.2s  [1380/3310] eta 50m
  city_v1                      (12, 2304)   14.8s  [1392/3310] eta 50m
  city_v2                      (12, 2304)   14.9s  [1404/3310] eta 50m
  city_v3                      (12, 2304)   14.8s  [1416/3310] eta 49m
  city_v4                      (12, 2304)   14.2s  [1428/3310] eta 49m
  city_v5                      (12, 2304)   14.6s  [1440/3310] eta 48m
  city_v6                      (12, 2304)   15.3s  [1452/3310] eta 48m
  city_v7                      (12, 2304)   14.9s  [1464/3310] eta 48m
  city_v8                      (12, 2304)   14.7s  [1476/3310] eta 47m
  city_v9                      (12, 2304)   15.7s  [1488/3310] eta 47m
  city_v10                     (12, 2304)   14.9s  [1500/3310] eta 46m
  city_v1                      (12, 2304)   15.8s  [1512/3310] eta 46m
  city_v2                      (12, 2304)   14.7s  [1524/3310] eta 46m
  city_v3                      (12, 2304)   15.6s  [1536/3310] eta 45m
  city_v4                      (12, 2304)   15.1s  [1548/3310] eta 45m
  city_v5                      (12, 2304)   15.5s  [1560/3310] eta 45m
  city_v6                      (12, 2304)   14.9s  [1572/3310] eta 44m
  city_v7                      (12, 2304)   15.4s  [1584/3310] eta 44m
  city_v8                      (12, 2304)   14.6s  [1596/3310] eta 44m
  city_v9                      (12, 2304)   15.2s  [1608/3310] eta 43m
  city_v10                     (12, 2304)   15.1s  [1620/3310] eta 43m
  vowel_sound_v1               (12, 2304)   14.4s  [1632/3310] eta 42m
  vowel_sound_v2               (12, 2304)   15.2s  [1644/3310] eta 42m
  vowel_sound_v3               (12, 2304)   15.2s  [1656/3310] eta 42m
  vowel_sound_v4               (12, 2304)   15.9s  [1668/3310] eta 41m
  vowel_sound_v5               (12, 2304)   15.7s  [1680/3310] eta 41m
  vowel_sound_v6               (12, 2304)   15.6s  [1692/3310] eta 41m
  vowel_sound_v7               (12, 2304)   14.5s  [1704/3310] eta 40m
  vowel_sound_v8               (12, 2304)   15.1s  [1716/3310] eta 40m
  vowel_sound_v9               (12, 2304)   14.5s  [1728/3310] eta 40m
  vowel_sound_v10              (12, 2304)   16.0s  [1740/3310] eta 39m
  taxonomy_concept_v1          (16, 2304)   30.2s  [1756/3310] eta 39m
  taxonomy_concept_v2          (16, 2304)   30.4s  [1772/3310] eta 39m
  taxonomy_concept_v3          (16, 2304)   32.1s  [1788/3310] eta 38m
  taxonomy_concept_v4          (16, 2304)   29.7s  [1804/3310] eta 38m
  taxonomy_concept_v5          (16, 2304)   29.3s  [1820/3310] eta 38m
  taxonomy_concept_v6          (16, 2304)   31.7s  [1836/3310] eta 37m
  taxonomy_concept_v7          (16, 2304)   31.6s  [1852/3310] eta 37m
  taxonomy_concept_v8          (16, 2304)   30.2s  [1868/3310] eta 37m
  taxonomy_concept_v9          (16, 2304)   30.1s  [1884/3310] eta 36m
  taxonomy_concept_v10         (16, 2304)   30.0s  [1900/3310] eta 36m
  kinship_v1                   (12, 2304)   16.0s  [1912/3310] eta 36m
  kinship_v2                   (12, 2304)   15.1s  [1924/3310] eta 35m
  kinship_v3                   (12, 2304)   13.8s  [1936/3310] eta 35m
  kinship_v4                   (12, 2304)   14.1s  [1948/3310] eta 35m
  kinship_v5                   (12, 2304)   15.3s  [1960/3310] eta 34m
  kinship_v6                   (12, 2304)   15.5s  [1972/3310] eta 34m
  kinship_v7                   (12, 2304)   14.5s  [1984/3310] eta 34m
  kinship_v8                   (12, 2304)   14.9s  [1996/3310] eta 33m
  kinship_v9                   (12, 2304)   16.3s  [2008/3310] eta 33m
  kinship_v10                  (12, 2304)   15.6s  [2020/3310] eta 33m
  movement_direction_v1        (6, 2304)    14.5s  [2026/3310] eta 33m
  movement_direction_v2        (6, 2304)    15.8s  [2032/3310] eta 32m
  movement_direction_v3        (6, 2304)    15.1s  [2038/3310] eta 32m
  movement_direction_v4        (6, 2304)    16.1s  [2044/3310] eta 32m
  movement_direction_v5        (6, 2304)    14.6s  [2050/3310] eta 32m
  movement_direction_v6        (6, 2304)    14.0s  [2056/3310] eta 32m
  movement_direction_v7        (6, 2304)    15.1s  [2062/3310] eta 32m
  movement_direction_v8        (6, 2304)    15.4s  [2068/3310] eta 32m
  movement_direction_v9        (6, 2304)    14.4s  [2074/3310] eta 32m
  movement_direction_v10       (6, 2304)    14.5s  [2080/3310] eta 32m
  chess_piece_v1               (6, 2304)    14.8s  [2086/3310] eta 32m
  chess_piece_v2               (6, 2304)    14.4s  [2092/3310] eta 32m
  chess_piece_v3               (6, 2304)    14.5s  [2098/3310] eta 31m
  chess_piece_v4               (6, 2304)    14.8s  [2104/3310] eta 31m
  chess_piece_v5               (6, 2304)    14.4s  [2110/3310] eta 31m
  chess_piece_v6               (6, 2304)    14.7s  [2116/3310] eta 31m
  chess_piece_v7               (6, 2304)    15.6s  [2122/3310] eta 31m
  chess_piece_v8               (6, 2304)    15.2s  [2128/3310] eta 31m
  chess_piece_v9               (6, 2304)    14.3s  [2134/3310] eta 31m
  chess_piece_v10              (6, 2304)    14.3s  [2140/3310] eta 31m
  political_person_v1          (10, 2304)   17.9s  [2150/3310] eta 30m
  political_person_v2          (10, 2304)   16.9s  [2160/3310] eta 30m
  political_person_v3          (10, 2304)   17.5s  [2170/3310] eta 30m
  political_person_v4          (10, 2304)   17.5s  [2180/3310] eta 30m
  political_person_v5          (10, 2304)   17.2s  [2190/3310] eta 29m
  political_person_v6          (10, 2304)   16.9s  [2200/3310] eta 29m
  political_person_v7          (10, 2304)   16.7s  [2210/3310] eta 29m
  political_person_v8          (10, 2304)   17.0s  [2220/3310] eta 29m
  political_person_v9          (10, 2304)   16.8s  [2230/3310] eta 28m
  political_person_v10         (10, 2304)   17.5s  [2240/3310] eta 28m
  day_of_week_v1               (7, 2304)    16.4s  [2247/3310] eta 28m
  day_of_week_v2               (7, 2304)    16.8s  [2254/3310] eta 28m
  day_of_week_v3               (7, 2304)    16.6s  [2261/3310] eta 28m
  day_of_week_v4               (7, 2304)    16.6s  [2268/3310] eta 28m
  day_of_week_v5               (7, 2304)    19.8s  [2275/3310] eta 27m
  day_of_week_v6               (7, 2304)    17.0s  [2282/3310] eta 27m
  day_of_week_v7               (7, 2304)    16.5s  [2289/3310] eta 27m
  day_of_week_v8               (7, 2304)    16.9s  [2296/3310] eta 27m
  day_of_week_v9               (7, 2304)    17.0s  [2303/3310] eta 27m
  day_of_week_v10              (7, 2304)    17.2s  [2310/3310] eta 27m
  month_of_year_v1             (12, 2304)   19.7s  [2322/3310] eta 26m
  month_of_year_v2             (12, 2304)   19.6s  [2334/3310] eta 26m
  month_of_year_v3             (12, 2304)   17.2s  [2346/3310] eta 26m
  month_of_year_v4             (12, 2304)   17.3s  [2358/3310] eta 25m
  month_of_year_v5             (12, 2304)   16.8s  [2370/3310] eta 25m
  month_of_year_v6             (12, 2304)   16.2s  [2382/3310] eta 25m
  month_of_year_v7             (12, 2304)   16.9s  [2394/3310] eta 24m
  month_of_year_v8             (12, 2304)   16.8s  [2406/3310] eta 24m
  month_of_year_v9             (12, 2304)   17.3s  [2418/3310] eta 24m
  month_of_year_v10            (12, 2304)   16.6s  [2430/3310] eta 23m
  chess_square_v1              (64, 2304)  104.0s  [2494/3310] eta 22m
  chess_square_v2              (64, 2304)   98.4s  [2558/3310] eta 20m
  chess_square_v3              (64, 2304)   95.3s  [2622/3310] eta 18m
  chess_square_v4              (64, 2304)   95.9s  [2686/3310] eta 17m
  chess_square_v5              (64, 2304)   95.5s  [2750/3310] eta 15m
  chess_square_v6              (64, 2304)  101.6s  [2814/3310] eta 13m
  chess_square_v7              (64, 2304)  103.2s  [2878/3310] eta 11m
  chess_square_v8              (64, 2304)   97.2s  [2942/3310] eta 10m
  chess_square_v9              (64, 2304)   98.5s  [3006/3310] eta 8m
  chess_square_v10             (64, 2304)  127.8s  [3070/3310] eta 6m
  calendar_date_v1             (24, 2304)  317.5s  [3094/3310] eta 6m
  calendar_date_v2             (24, 2304)   30.6s  [3118/3310] eta 5m
  calendar_date_v3             (24, 2304)  261.2s  [3142/3310] eta 5m
  calendar_date_v4             (24, 2304)  224.4s  [3166/3310] eta 4m
  calendar_date_v5             (24, 2304)  230.5s  [3190/3310] eta 4m
  calendar_date_v6             (24, 2304)   34.8s  [3214/3310] eta 3m
  calendar_date_v7             (24, 2304)   41.5s  [3238/3310] eta 2m
  calendar_date_v8             (24, 2304)  349.9s  [3262/3310] eta 2m
  calendar_date_v9             (24, 2304)  550.6s  [3286/3310] eta 1m
  calendar_date_v10            (24, 2304)   34.6s  [3310/3310] eta 0m

DONE 3310 prompts in 116.3 min
