planned: 24 value sets x 10 variants = 3310 prompts
resolving revision + loading model once...
Loading weights:   0%|          | 0/254 [00:00<?, ?it/s]Loading weights: 100%|██████████| 254/254 [00:00<00:00, 4604.46it/s]
  year_v1                      (11, 3072)   17.1s  [11/3310] eta 86m
  year_v2                      (11, 3072)   16.4s  [22/3310] eta 83m
  year_v3                      (11, 3072)   16.8s  [33/3310] eta 83m
  year_v4                      (11, 3072)   16.8s  [44/3310] eta 83m
  year_v5                      (11, 3072)   16.0s  [55/3310] eta 82m
  year_v6                      (11, 3072)   16.8s  [66/3310] eta 82m
  year_v7                      (11, 3072)   18.5s  [77/3310] eta 83m
  year_v8                      (11, 3072)   17.2s  [88/3310] eta 83m
  year_v9                      (11, 3072)   18.2s  [99/3310] eta 83m
  year_v10                     (11, 3072)   16.2s  [110/3310] eta 82m
  quantity_v1                  (7, 3072)    15.0s  [117/3310] eta 84m
  quantity_v2                  (7, 3072)    15.1s  [124/3310] eta 86m
  quantity_v3                  (7, 3072)    15.7s  [131/3310] eta 87m
  quantity_v4                  (7, 3072)    15.2s  [138/3310] eta 88m
  quantity_v5                  (7, 3072)    14.5s  [145/3310] eta 89m
  quantity_v6                  (7, 3072)    15.1s  [152/3310] eta 90m
  quantity_v7                  (7, 3072)    15.5s  [159/3310] eta 91m
  quantity_v8                  (7, 3072)    15.0s  [166/3310] eta 92m
  quantity_v9                  (7, 3072)    14.6s  [173/3310] eta 92m
  quantity_v10                 (7, 3072)    15.0s  [180/3310] eta 93m
  color_v1                     (12, 3072)   13.9s  [192/3310] eta 91m
  color_v2                     (12, 3072)   14.3s  [204/3310] eta 89m
  color_v3                     (12, 3072)   15.3s  [216/3310] eta 87m
  color_v4                     (12, 3072)   15.1s  [228/3310] eta 85m
  color_v5                     (12, 3072)   16.1s  [240/3310] eta 84m
  color_v6                     (12, 3072)   14.5s  [252/3310] eta 83m
  color_v7                     (12, 3072)   15.2s  [264/3310] eta 82m
  color_v8                     (12, 3072)   15.3s  [276/3310] eta 81m
  color_v9                     (12, 3072)   13.9s  [288/3310] eta 79m
  color_v10                    (12, 3072)   15.6s  [300/3310] eta 79m
  emotion_v1                   (12, 3072)   15.1s  [312/3310] eta 78m
  emotion_v2                   (12, 3072)   14.5s  [324/3310] eta 77m
  emotion_v3                   (12, 3072)   15.4s  [336/3310] eta 76m
  emotion_v4                   (12, 3072)   14.3s  [348/3310] eta 75m
  emotion_v5                   (12, 3072)   14.9s  [360/3310] eta 74m
  emotion_v6                   (12, 3072)   14.2s  [372/3310] eta 74m
  emotion_v7                   (12, 3072)   18.7s  [384/3310] eta 73m
  emotion_v8                   (12, 3072)   15.7s  [396/3310] eta 73m
  emotion_v9                   (12, 3072)   16.9s  [408/3310] eta 72m
  emotion_v10                  (12, 3072)   18.5s  [420/3310] eta 72m
  musical_note_v1              (12, 3072)   15.8s  [432/3310] eta 72m
  musical_note_v2              (12, 3072)   15.2s  [444/3310] eta 71m
  musical_note_v3              (12, 3072)   15.2s  [456/3310] eta 70m
  musical_note_v4              (12, 3072)   15.5s  [468/3310] eta 70m
  musical_note_v5              (12, 3072)   15.2s  [480/3310] eta 69m
  musical_note_v6              (12, 3072)   14.3s  [492/3310] eta 69m
  musical_note_v7              (12, 3072)   16.1s  [504/3310] eta 68m
  musical_note_v8              (12, 3072)   15.1s  [516/3310] eta 68m
  musical_note_v9              (12, 3072)   14.5s  [528/3310] eta 67m
  musical_note_v10             (12, 3072)   14.6s  [540/3310] eta 67m
  musical_key_v1               (12, 3072)   15.5s  [552/3310] eta 66m
  musical_key_v2               (12, 3072)   15.8s  [564/3310] eta 66m
  musical_key_v3               (12, 3072)   17.7s  [576/3310] eta 66m
  musical_key_v4               (12, 3072)   22.4s  [588/3310] eta 66m
  musical_key_v5               (12, 3072)   17.1s  [600/3310] eta 65m
  musical_key_v6               (12, 3072)   16.9s  [612/3310] eta 65m
  musical_key_v7               (12, 3072)   16.5s  [624/3310] eta 65m
  musical_key_v8               (12, 3072)   15.2s  [636/3310] eta 64m
  musical_key_v9               (12, 3072)   17.1s  [648/3310] eta 64m
  musical_key_v10              (12, 3072)   16.6s  [660/3310] eta 64m
  hour_v1                      (12, 3072)   15.8s  [672/3310] eta 63m
  hour_v2                      (12, 3072)   16.2s  [684/3310] eta 63m
  hour_v3                      (12, 3072)   15.8s  [696/3310] eta 62m
  hour_v4                      (12, 3072)   15.8s  [708/3310] eta 62m
  hour_v5                      (12, 3072)   17.0s  [720/3310] eta 62m
  hour_v6                      (12, 3072)   15.8s  [732/3310] eta 61m
  hour_v7                      (12, 3072)   16.6s  [744/3310] eta 61m
  hour_v8                      (12, 3072)   15.9s  [756/3310] eta 61m
  hour_v9                      (12, 3072)   18.4s  [768/3310] eta 61m
  hour_v10                     (12, 3072)   16.3s  [780/3310] eta 60m
  compass_direction_v1         (8, 3072)    13.1s  [788/3310] eta 60m
  compass_direction_v2         (8, 3072)    14.4s  [796/3310] eta 60m
  compass_direction_v3         (8, 3072)    13.3s  [804/3310] eta 60m
  compass_direction_v4         (8, 3072)    13.5s  [812/3310] eta 60m
  compass_direction_v5         (8, 3072)    13.7s  [820/3310] eta 60m
  compass_direction_v6         (8, 3072)    13.3s  [828/3310] eta 60m
  compass_direction_v7         (8, 3072)    13.5s  [836/3310] eta 60m
  compass_direction_v8         (8, 3072)    15.6s  [844/3310] eta 60m
  compass_direction_v9         (8, 3072)    13.3s  [852/3310] eta 60m
  compass_direction_v10        (8, 3072)    14.1s  [860/3310] eta 59m
  season_v1                    (4, 3072)    12.4s  [864/3310] eta 60m
  season_v2                    (4, 3072)    12.6s  [868/3310] eta 60m
  season_v3                    (4, 3072)    12.7s  [872/3310] eta 60m
  season_v4                    (4, 3072)    15.3s  [876/3310] eta 60m
  season_v5                    (4, 3072)    12.7s  [880/3310] eta 61m
  season_v6                    (4, 3072)    13.1s  [884/3310] eta 61m
  season_v7                    (4, 3072)    13.2s  [888/3310] eta 61m
  season_v8                    (4, 3072)    14.1s  [892/3310] eta 61m
  season_v9                    (4, 3072)    44.3s  [896/3310] eta 63m
  season_v10                   (4, 3072)    12.8s  [900/3310] eta 63m
  planet_v1                    (8, 3072)    12.9s  [908/3310] eta 63m
  planet_v2                    (8, 3072)   229.2s  [916/3310] eta 72m
  planet_v3                    (8, 3072)    19.3s  [924/3310] eta 72m
  planet_v4                    (8, 3072)    15.1s  [932/3310] eta 72m
  planet_v5                    (8, 3072)   282.2s  [940/3310] eta 83m
  planet_v6                    (8, 3072)    15.1s  [948/3310] eta 83m
  planet_v7                    (8, 3072)    16.2s  [956/3310] eta 82m
  planet_v8                    (8, 3072)    75.4s  [964/3310] eta 84m
  planet_v9                    (8, 3072)    14.2s  [972/3310] eta 84m
  planet_v10                   (8, 3072)    14.5s  [980/3310] eta 84m
  chemical_element_v1          (20, 3072)  211.3s  [1000/3310] eta 89m
  chemical_element_v2          (20, 3072)   46.8s  [1020/3310] eta 89m
  chemical_element_v3          (20, 3072)   35.3s  [1040/3310] eta 87m
  chemical_element_v4          (20, 3072)   32.9s  [1060/3310] eta 86m
  chemical_element_v5          (20, 3072)   36.5s  [1080/3310] eta 85m
  chemical_element_v6          (20, 3072)   32.7s  [1100/3310] eta 84m
  chemical_element_v7          (20, 3072)   34.6s  [1120/3310] eta 83m
  chemical_element_v8          (20, 3072)   31.1s  [1140/3310] eta 82m
  chemical_element_v9          (20, 3072)   28.5s  [1160/3310] eta 80m
  chemical_element_v10         (20, 3072)   30.2s  [1180/3310] eta 79m
  amino_acid_v1                (20, 3072)   29.5s  [1200/3310] eta 78m
  amino_acid_v2                (20, 3072)   30.3s  [1220/3310] eta 77m
  amino_acid_v3                (20, 3072)   35.1s  [1240/3310] eta 76m
  amino_acid_v4                (20, 3072)   32.3s  [1260/3310] eta 75m
  amino_acid_v5                (20, 3072)   36.2s  [1280/3310] eta 74m
  amino_acid_v6                (20, 3072)   29.6s  [1300/3310] eta 73m
  amino_acid_v7                (20, 3072)   31.2s  [1320/3310] eta 72m
  amino_acid_v8                (20, 3072)   29.2s  [1340/3310] eta 71m
  amino_acid_v9                (20, 3072)   34.1s  [1360/3310] eta 70m
  amino_acid_v10               (20, 3072)   33.2s  [1380/3310] eta 69m
  city_v1                      (12, 3072)   15.5s  [1392/3310] eta 68m
  city_v2                      (12, 3072)   18.0s  [1404/3310] eta 67m
  city_v3                      (12, 3072)   17.9s  [1416/3310] eta 67m
  city_v4                      (12, 3072)   18.0s  [1428/3310] eta 66m
  city_v5                      (12, 3072)   17.6s  [1440/3310] eta 66m
  city_v6                      (12, 3072)   15.4s  [1452/3310] eta 65m
  city_v7                      (12, 3072)   15.9s  [1464/3310] eta 64m
  city_v8                      (12, 3072)   16.0s  [1476/3310] eta 64m
  city_v9                      (12, 3072)   15.2s  [1488/3310] eta 63m
  city_v10                     (12, 3072)   15.1s  [1500/3310] eta 63m
  city_v1                      (12, 3072)   15.4s  [1512/3310] eta 62m
  city_v2                      (12, 3072)   17.4s  [1524/3310] eta 61m
  city_v3                      (12, 3072)   15.0s  [1536/3310] eta 61m
  city_v4                      (12, 3072)   15.4s  [1548/3310] eta 60m
  city_v5                      (12, 3072)   15.7s  [1560/3310] eta 60m
  city_v6                      (12, 3072)   15.7s  [1572/3310] eta 59m
  city_v7                      (12, 3072)   15.4s  [1584/3310] eta 59m
  city_v8                      (12, 3072)   16.2s  [1596/3310] eta 58m
  city_v9                      (12, 3072)   15.7s  [1608/3310] eta 57m
  city_v10                     (12, 3072)   15.4s  [1620/3310] eta 57m
  vowel_sound_v1               (12, 3072)   15.3s  [1632/3310] eta 56m
  vowel_sound_v2               (12, 3072)   15.0s  [1644/3310] eta 56m
  vowel_sound_v3               (12, 3072)   15.5s  [1656/3310] eta 55m
  vowel_sound_v4               (12, 3072)   16.0s  [1668/3310] eta 55m
  vowel_sound_v5               (12, 3072)   16.9s  [1680/3310] eta 54m
  vowel_sound_v6               (12, 3072)   14.9s  [1692/3310] eta 54m
  vowel_sound_v7               (12, 3072)   15.3s  [1704/3310] eta 53m
  vowel_sound_v8               (12, 3072)  737.9s  [1716/3310] eta 64m
  vowel_sound_v9               (12, 3072)   20.2s  [1728/3310] eta 63m
  vowel_sound_v10              (12, 3072)  205.6s  [1740/3310] eta 65m
  taxonomy_concept_v1          (16, 3072)   32.8s  [1756/3310] eta 65m
  taxonomy_concept_v2          (16, 3072)   33.9s  [1772/3310] eta 64m
  taxonomy_concept_v3          (16, 3072)   32.2s  [1788/3310] eta 63m
  taxonomy_concept_v4          (16, 3072)   34.7s  [1804/3310] eta 62m
  taxonomy_concept_v5          (16, 3072)   35.7s  [1820/3310] eta 62m
  taxonomy_concept_v6          (16, 3072)   33.2s  [1836/3310] eta 61m
  taxonomy_concept_v7          (16, 3072)   34.9s  [1852/3310] eta 60m
  taxonomy_concept_v8          (16, 3072)   34.1s  [1868/3310] eta 59m
  taxonomy_concept_v9          (16, 3072)  194.7s  [1884/3310] eta 61m
  taxonomy_concept_v10         (16, 3072)   32.4s  [1900/3310] eta 60m
  kinship_v1                   (12, 3072)  211.4s  [1912/3310] eta 62m
  kinship_v2                   (12, 3072)   17.0s  [1924/3310] eta 61m
  kinship_v3                   (12, 3072)   16.9s  [1936/3310] eta 60m
  kinship_v4                   (12, 3072)   17.0s  [1948/3310] eta 59m
  kinship_v5                   (12, 3072)  165.8s  [1960/3310] eta 61m
  kinship_v6                   (12, 3072)   20.2s  [1972/3310] eta 60m
  kinship_v7                   (12, 3072)  172.5s  [1984/3310] eta 61m
  kinship_v8                   (12, 3072)   18.0s  [1996/3310] eta 60m
  kinship_v9                   (12, 3072)  157.6s  [2008/3310] eta 61m
  kinship_v10                  (12, 3072)   17.0s  [2020/3310] eta 60m
  movement_direction_v1        (6, 3072)    14.1s  [2026/3310] eta 60m
  movement_direction_v2        (6, 3072)    12.8s  [2032/3310] eta 60m
  movement_direction_v3        (6, 3072)    13.1s  [2038/3310] eta 59m
  movement_direction_v4        (6, 3072)    13.3s  [2044/3310] eta 59m
  movement_direction_v5        (6, 3072)    13.4s  [2050/3310] eta 59m
  movement_direction_v6        (6, 3072)    13.8s  [2056/3310] eta 58m
  movement_direction_v7        (6, 3072)    13.0s  [2062/3310] eta 58m
  movement_direction_v8        (6, 3072)    14.1s  [2068/3310] eta 58m
  movement_direction_v9        (6, 3072)    13.5s  [2074/3310] eta 57m
  movement_direction_v10       (6, 3072)    15.0s  [2080/3310] eta 57m
  chess_piece_v1               (6, 3072)    13.8s  [2086/3310] eta 57m
  chess_piece_v2               (6, 3072)    15.8s  [2092/3310] eta 56m
  chess_piece_v3               (6, 3072)    13.4s  [2098/3310] eta 56m
  chess_piece_v4               (6, 3072)    15.7s  [2104/3310] eta 56m
  chess_piece_v5               (6, 3072)   218.5s  [2110/3310] eta 58m
  chess_piece_v6               (6, 3072)    14.5s  [2116/3310] eta 57m
  chess_piece_v7               (6, 3072)    13.7s  [2122/3310] eta 57m
  chess_piece_v8               (6, 3072)    14.9s  [2128/3310] eta 57m
  chess_piece_v9               (6, 3072)    13.6s  [2134/3310] eta 56m
  chess_piece_v10              (6, 3072)    13.7s  [2140/3310] eta 56m
  political_person_v1          (10, 3072)   19.3s  [2150/3310] eta 55m
  political_person_v2          (10, 3072)  202.5s  [2160/3310] eta 56m
  political_person_v3          (10, 3072)   16.4s  [2170/3310] eta 56m
  political_person_v4          (10, 3072)   15.2s  [2180/3310] eta 55m
  political_person_v5          (10, 3072)   39.8s  [2190/3310] eta 55m
  political_person_v6          (10, 3072)   15.3s  [2200/3310] eta 54m
  political_person_v7          (10, 3072)   15.9s  [2210/3310] eta 54m
  political_person_v8          (10, 3072)   15.9s  [2220/3310] eta 53m
  political_person_v9          (10, 3072)   18.7s  [2230/3310] eta 52m
  political_person_v10         (10, 3072)   17.9s  [2240/3310] eta 52m
  day_of_week_v1               (7, 3072)    15.2s  [2247/3310] eta 52m
  day_of_week_v2               (7, 3072)    19.3s  [2254/3310] eta 51m
  day_of_week_v3               (7, 3072)    20.4s  [2261/3310] eta 51m
  day_of_week_v4               (7, 3072)    17.7s  [2268/3310] eta 50m
  day_of_week_v5               (7, 3072)    15.4s  [2275/3310] eta 50m
  day_of_week_v6               (7, 3072)    14.2s  [2282/3310] eta 50m
  day_of_week_v7               (7, 3072)    13.4s  [2289/3310] eta 49m
  day_of_week_v8               (7, 3072)    13.3s  [2296/3310] eta 49m
  day_of_week_v9               (7, 3072)    13.9s  [2303/3310] eta 49m
  day_of_week_v10              (7, 3072)    14.4s  [2310/3310] eta 48m
  month_of_year_v1             (12, 3072)   14.4s  [2322/3310] eta 47m
  month_of_year_v2             (12, 3072)   15.3s  [2334/3310] eta 47m
  month_of_year_v3             (12, 3072)   15.3s  [2346/3310] eta 46m
  month_of_year_v4             (12, 3072)   14.6s  [2358/3310] eta 45m
  month_of_year_v5             (12, 3072)   14.2s  [2370/3310] eta 45m
  month_of_year_v6             (12, 3072)   14.5s  [2382/3310] eta 44m
  month_of_year_v7             (12, 3072)   14.8s  [2394/3310] eta 43m
  month_of_year_v8             (12, 3072)   15.1s  [2406/3310] eta 43m
  month_of_year_v9             (12, 3072)   16.5s  [2418/3310] eta 42m
  month_of_year_v10            (12, 3072)   16.4s  [2430/3310] eta 41m
  chess_square_v1              (64, 3072)   96.4s  [2494/3310] eta 38m
  chess_square_v2              (64, 3072)   94.0s  [2558/3310] eta 34m
  chess_square_v3              (64, 3072)  105.2s  [2622/3310] eta 31m
  chess_square_v4              (64, 3072)   92.8s  [2686/3310] eta 28m
  chess_square_v5              (64, 3072)   99.5s  [2750/3310] eta 25m
  chess_square_v6              (64, 3072)   98.7s  [2814/3310] eta 22m
  chess_square_v7              (64, 3072)  107.8s  [2878/3310] eta 19m
  chess_square_v8              (64, 3072)   93.9s  [2942/3310] eta 16m
  chess_square_v9              (64, 3072)  101.1s  [3006/3310] eta 13m
  chess_square_v10             (64, 3072)  110.3s  [3070/3310] eta 10m
  calendar_date_v1             (24, 3072)   37.1s  [3094/3310] eta 9m
  calendar_date_v2             (24, 3072)   33.2s  [3118/3310] eta 8m
  calendar_date_v3             (24, 3072)   36.3s  [3142/3310] eta 7m
  calendar_date_v4             (24, 3072)   40.3s  [3166/3310] eta 6m
  calendar_date_v5             (24, 3072)   35.7s  [3190/3310] eta 5m
  calendar_date_v6             (24, 3072)   34.4s  [3214/3310] eta 4m
  calendar_date_v7             (24, 3072)   40.5s  [3238/3310] eta 3m
  calendar_date_v8             (24, 3072)   41.5s  [3262/3310] eta 2m
  calendar_date_v9             (24, 3072)   37.7s  [3286/3310] eta 1m
  calendar_date_v10            (24, 3072)   46.9s  [3310/3310] eta 0m

DONE 3310 prompts in 136.8 min
